Copyright 1986-2019 Xilinx, Inc. All Rights Reserved.
--------------------------------------------------------------------------------------------------
| Tool Version : Vivado v.2019.2 (lin64) Build 2708876 Wed Nov  6 21:39:14 MST 2019
| Date         : Thu Jun  4 23:30:17 2020
| Host         : Tars running 64-bit Ubuntu 18.04.4 LTS
| Command      : report_control_sets -verbose -file microblaze_bd_wrapper_control_sets_placed.rpt
| Design       : microblaze_bd_wrapper
| Device       : xc7a100t
--------------------------------------------------------------------------------------------------

Control Set Information

Table of Contents
-----------------
1. Summary
2. Histogram
3. Flip-Flop Distribution
4. Detailed Control Set Information

1. Summary
----------

+----------------------------------------------------------+-------+
|                          Status                          | Count |
+----------------------------------------------------------+-------+
| Total control sets                                       |    94 |
|    Minimum number of control sets                        |    94 |
|    Addition due to synthesis replication                 |     0 |
|    Addition due to physical synthesis replication        |     0 |
| Unused register locations in slices containing registers |   295 |
+----------------------------------------------------------+-------+
* Control sets can be merged at opt_design using control_set_merge or merge_equivalent_drivers
** Run report_qor_suggestions for automated merging and remapping suggestions


2. Histogram
------------

+--------------------+-------+
|       Fanout       | Count |
+--------------------+-------+
| Total control sets |    94 |
| >= 0 to < 4        |    20 |
| >= 4 to < 6        |    18 |
| >= 6 to < 8        |    10 |
| >= 8 to < 10       |    18 |
| >= 10 to < 12      |     4 |
| >= 12 to < 14      |     1 |
| >= 14 to < 16      |     0 |
| >= 16              |    23 |
+--------------------+-------+
* Control sets can be remapped at either synth_design or opt_design


3. Flip-Flop Distribution
-------------------------

+--------------+-----------------------+------------------------+-----------------+--------------+
| Clock Enable | Synchronous Set/Reset | Asynchronous Set/Reset | Total Registers | Total Slices |
+--------------+-----------------------+------------------------+-----------------+--------------+
| No           | No                    | No                     |             271 |           99 |
| No           | No                    | Yes                    |              30 |            9 |
| No           | Yes                   | No                     |             255 |           88 |
| Yes          | No                    | No                     |             253 |           76 |
| Yes          | No                    | Yes                    |              15 |            8 |
| Yes          | Yes                   | No                     |             417 |          132 |
+--------------+-----------------------+------------------------+-----------------+--------------+


4. Detailed Control Set Information
-----------------------------------

+-----------------------------------------------------------------+----------------------------------------------------------------------------------------------------------------------------------------------------------------------------------------------------------------+----------------------------------------------------------------------------------------------------------------------------------------------------------------------------------+------------------+----------------+
|                           Clock Signal                          |                                                                                                  Enable Signal                                                                                                 |                                                                                 Set/Reset Signal                                                                                 | Slice Load Count | Bel Load Count |
+-----------------------------------------------------------------+----------------------------------------------------------------------------------------------------------------------------------------------------------------------------------------------------------------+----------------------------------------------------------------------------------------------------------------------------------------------------------------------------------+------------------+----------------+
|  microblaze_bd_i/clk_wiz_1/inst/clk_out1                        |                                                                                                                                                                                                                | microblaze_bd_i/microblaze_0/U0/MicroBlaze_Core_I/Area.Core/Implement_Debug_Logic.Master_Core.Debug_Area/Area_Debug_Control.Stop_Instr_Fetch_FDRSE/Using_FPGA.Native_i_1__69_n_0 |                1 |              1 |
|  microblaze_bd_i/mdm_1/U0/Use_E2.BSCAN_I/Dbg_Update_0_BUFG      |                                                                                                                                                                                                                | microblaze_bd_i/mdm_1/U0/MDM_Core_I1/JTAG_CONTROL_I/Use_BSCAN.FDC_I/data_cmd_reset                                                                                               |                1 |              1 |
| ~microblaze_bd_i/mdm_1/U0/No_Dbg_Reg_Access.BUFG_DRCK/Dbg_Clk_0 | microblaze_bd_i/mdm_1/U0/MDM_Core_I1/JTAG_CONTROL_I/Use_BSCAN.FDC_I/CE                                                                                                                                         | microblaze_bd_i/mdm_1/U0/MDM_Core_I1/JTAG_CONTROL_I/Use_BSCAN.FDC_I/D_2                                                                                                          |                1 |              1 |
|  microblaze_bd_i/mdm_1/U0/No_Dbg_Reg_Access.BUFG_DRCK/Dbg_Clk_0 | microblaze_bd_i/mdm_1/U0/Use_E2.BSCAN_I/Use_BSCAN.PORT_Selector_reg[0]                                                                                                                                         | microblaze_bd_i/mdm_1/U0/MDM_Core_I1/JTAG_CONTROL_I/sel_with_scan_reset                                                                                                          |                1 |              1 |
|  microblaze_bd_i/mdm_1/U0/Use_E2.BSCAN_I/Dbg_Update_0_BUFG      | microblaze_bd_i/microblaze_0/U0/MicroBlaze_Core_I/Area.Core/Implement_Debug_Logic.Master_Core.Debug_Area/Control_Reg_En                                                                                        | microblaze_bd_i/microblaze_0/U0/MicroBlaze_Core_I/Area.Core/Implement_Debug_Logic.Master_Core.Debug_Area/Serial_Dbg_Intf.continue_from_brk_reg_n_0                               |                1 |              1 |
|  microblaze_bd_i/mdm_1/U0/Use_E2.BSCAN_I/Dbg_Update_0_BUFG      | microblaze_bd_i/microblaze_0/U0/MicroBlaze_Core_I/Area.Core/Implement_Debug_Logic.Master_Core.Debug_Area/Control_Reg_En                                                                                        | microblaze_bd_i/microblaze_0/U0/MicroBlaze_Core_I/Area.Core/Implement_Debug_Logic.Master_Core.Debug_Area/start_single_step_reg_n_0                                               |                1 |              1 |
|  microblaze_bd_i/mdm_1/U0/Use_E2.BSCAN_I/Dbg_Update_0_BUFG      | microblaze_bd_i/microblaze_0/U0/MicroBlaze_Core_I/Area.Core/Implement_Debug_Logic.Master_Core.Debug_Area/Control_Reg_En                                                                                        | microblaze_bd_i/microblaze_0/U0/MicroBlaze_Core_I/Area.Core/Implement_Debug_Logic.Master_Core.Debug_Area/normal_stop_cmd_rst                                                     |                1 |              1 |
|  microblaze_bd_i/clk_wiz_1/inst/clk_out1                        |                                                                                                                                                                                                                | microblaze_bd_i/microblaze_0/U0/MicroBlaze_Core_I/Area.Core/Implement_Debug_Logic.Master_Core.Debug_Area/capture_1                                                               |                1 |              1 |
|  microblaze_bd_i/clk_wiz_1/inst/clk_out1                        |                                                                                                                                                                                                                | microblaze_bd_i/microblaze_0/U0/MicroBlaze_Core_I/Area.Core/Implement_Debug_Logic.Master_Core.Debug_Area/Area_Debug_Control.Stop_CPU_FDRSE/Using_FPGA.Native_i_1__107_n_0        |                1 |              1 |
|  microblaze_bd_i/clk_wiz_1/inst/clk_out1                        |                                                                                                                                                                                                                | microblaze_bd_i/microblaze_0/U0/MicroBlaze_Core_I/Area.Core/Implement_Debug_Logic.Master_Core.Debug_Area/Area_Debug_Control.Dbg_Inhibit_EX_FDRSE/Using_FPGA.Native_i_1__108_n_0  |                1 |              1 |
|  microblaze_bd_i/clk_wiz_1/inst/clk_out1                        |                                                                                                                                                                                                                | microblaze_bd_i/microblaze_0/U0/MicroBlaze_Core_I/Area.Core/Decode_I/MSR_Rst                                                                                                     |                1 |              1 |
| ~microblaze_bd_i/mdm_1/U0/Use_E2.BSCAN_I/Dbg_Update_0_BUFG      |                                                                                                                                                                                                                | microblaze_bd_i/mdm_1/U0/MDM_Core_I1/JTAG_CONTROL_I/sel_n                                                                                                                        |                1 |              1 |
|  microblaze_bd_i/mdm_1/U0/Use_E2.BSCAN_I/Dbg_Update_0_BUFG      | microblaze_bd_i/microblaze_0/U0/MicroBlaze_Core_I/Area.Core/Implement_Debug_Logic.Master_Core.Debug_Area/Control_Reg_En                                                                                        | microblaze_bd_i/microblaze_0/U0/MicroBlaze_Core_I/Area.Core/Implement_Debug_Logic.Master_Core.Debug_Area/force_stop_cmd_rst                                                      |                1 |              1 |
|  microblaze_bd_i/clk_wiz_1/inst/clk_out1                        | microblaze_bd_i/microblaze_0/U0/MicroBlaze_Core_I/Area.Core/Decode_I/MTSMSR_Write                                                                                                                              | microblaze_bd_i/microblaze_0/U0/MicroBlaze_Core_I/sync_reset                                                                                                                     |                1 |              1 |
|  microblaze_bd_i/clk_wiz_1/inst/clk_out1                        |                                                                                                                                                                                                                | microblaze_bd_i/microblaze_0/U0/MicroBlaze_Core_I/Area.Core/Decode_I/Using_FPGA.New_Carry_MUXCY/Use_Async_Reset.sync_reset_reg                                                   |                1 |              1 |
|  microblaze_bd_i/mdm_1/U0/Use_E2.BSCAN_I/Dbg_Update_0_BUFG      | microblaze_bd_i/microblaze_0/U0/MicroBlaze_Core_I/Area.Core/Implement_Debug_Logic.Master_Core.Debug_Area/Serial_Dbg_Intf.command_reg[0]_i_1_n_0                                                                | microblaze_bd_i/microblaze_0/U0/MicroBlaze_Core_I/Area.Core/Implement_Debug_Logic.Master_Core.Debug_Area/command_reg_clear                                                       |                1 |              2 |
|  microblaze_bd_i/mdm_1/U0/Use_E2.BSCAN_I/Dbg_Update_0_BUFG      |                                                                                                                                                                                                                |                                                                                                                                                                                  |                2 |              2 |
|  microblaze_bd_i/mdm_1/U0/Use_E2.BSCAN_I/Dbg_Update_0_BUFG      | microblaze_bd_i/mdm_1/U0/MDM_Core_I1/JTAG_CONTROL_I/Use_BSCAN.FDC_I/Debug_Rst_i0                                                                                                                               |                                                                                                                                                                                  |                1 |              2 |
|  microblaze_bd_i/clk_wiz_1/inst/clk_out1                        |                                                                                                                                                                                                                | microblaze_bd_i/mdm_1/U0/MDM_Core_I1/S_AXI_ARESETN_0                                                                                                                             |                2 |              3 |
|  microblaze_bd_i/clk_wiz_1/inst/clk_out1                        | microblaze_bd_i/microblaze_0/U0/MicroBlaze_Core_I/Area.Core/Decode_I/Using_FPGA.of_PipeRun_MuxCY_1/Using_FPGA.Native_2                                                                                         | microblaze_bd_i/microblaze_0/U0/MicroBlaze_Core_I/sync_reset                                                                                                                     |                1 |              3 |
|  microblaze_bd_i/clk_wiz_1/inst/clk_out1                        | microblaze_bd_i/axi_gpio_0/U0/AXI_LITE_IPIF_I/I_SLAVE_ATTACHMENT/start2                                                                                                                                        | microblaze_bd_i/axi_gpio_0/U0/AXI_LITE_IPIF_I/I_SLAVE_ATTACHMENT/I_DECODER/cs_ce_clr                                                                                             |                2 |              4 |
|  microblaze_bd_i/clk_wiz_1/inst/clk_out1                        | microblaze_bd_i/axi_gpio_0/U0/AXI_LITE_IPIF_I/I_SLAVE_ATTACHMENT/bus2ip_addr_i[8]_i_1_n_0                                                                                                                      | microblaze_bd_i/axi_gpio_0/U0/AXI_LITE_IPIF_I/I_SLAVE_ATTACHMENT/SR[0]                                                                                                           |                1 |              4 |
|  microblaze_bd_i/mdm_1/U0/No_Dbg_Reg_Access.BUFG_DRCK/Dbg_Clk_0 | microblaze_bd_i/mdm_1/U0/MDM_Core_I1/TDI_Shifter0                                                                                                                                                              | microblaze_bd_i/mdm_1/U0/Use_E2.BSCAN_I/AR[0]                                                                                                                                    |                1 |              4 |
|  microblaze_bd_i/clk_wiz_1/inst/clk_out1                        | microblaze_bd_i/axi_uartlite_0/U0/AXI_LITE_IPIF_I/I_SLAVE_ATTACHMENT/start2                                                                                                                                    | microblaze_bd_i/axi_uartlite_0/U0/AXI_LITE_IPIF_I/I_SLAVE_ATTACHMENT/I_DECODER/cs_ce_clr                                                                                         |                1 |              4 |
|  microblaze_bd_i/clk_wiz_1/inst/clk_out1                        | microblaze_bd_i/mdm_1/U0/MDM_Core_I1/JTAG_CONTROL_I/Use_UART.RX_FIFO_I/data_Exists_I_reg_0                                                                                                                     | microblaze_bd_i/mdm_1/U0/MDM_Core_I1/Use_Uart.reset_RX_FIFO_i_reg_n_0                                                                                                            |                1 |              4 |
|  microblaze_bd_i/clk_wiz_1/inst/clk_out1                        | microblaze_bd_i/axi_uartlite_0/U0/UARTLITE_CORE_I/BAUD_RATE_I/p_11_out[0]                                                                                                                                      |                                                                                                                                                                                  |                1 |              4 |
|  microblaze_bd_i/clk_wiz_1/inst/clk_out1                        | microblaze_bd_i/axi_gpio_0/U0/AXI_LITE_IPIF_I/I_SLAVE_ATTACHMENT/I_DECODER/bus2ip_rnw_i_reg_1[0]                                                                                                               | microblaze_bd_i/axi_gpio_0/U0/AXI_LITE_IPIF_I/I_SLAVE_ATTACHMENT/SR[0]                                                                                                           |                1 |              4 |
|  microblaze_bd_i/clk_wiz_1/inst/clk_out1                        | microblaze_bd_i/mdm_1/U0/MDM_Core_I1/JTAG_CONTROL_I/Use_UART.TX_FIFO_I/data_Exists_I_reg_0                                                                                                                     | microblaze_bd_i/mdm_1/U0/MDM_Core_I1/Use_Uart.reset_TX_FIFO_i_reg_n_0                                                                                                            |                1 |              4 |
|  microblaze_bd_i/clk_wiz_1/inst/clk_out1                        | microblaze_bd_i/mdm_1/U0/Use_AXI_IPIF.AXI_LITE_IPIF_I/I_SLAVE_ATTACHMENT/start2                                                                                                                                | microblaze_bd_i/mdm_1/U0/Use_AXI_IPIF.AXI_LITE_IPIF_I/I_SLAVE_ATTACHMENT/I_DECODER/cs_ce_clr                                                                                     |                1 |              4 |
|  microblaze_bd_i/clk_wiz_1/inst/clk_out1                        |                                                                                                                                                                                                                | microblaze_bd_i/axi_gpio_0/U0/AXI_LITE_IPIF_I/I_SLAVE_ATTACHMENT/clear                                                                                                           |                1 |              4 |
| ~microblaze_bd_i/mdm_1/U0/Use_E2.BSCAN_I/Dbg_Update_0_BUFG      |                                                                                                                                                                                                                | microblaze_bd_i/mdm_1/U0/Use_E2.BSCAN_I/AR[0]                                                                                                                                    |                1 |              4 |
|  microblaze_bd_i/clk_wiz_1/inst/clk_out1                        |                                                                                                                                                                                                                | microblaze_bd_i/microblaze_0/U0/MicroBlaze_Core_I/Area.Core/Decode_I/Using_FPGA.MUXCY_JUMP_CARRY3/S_0                                                                            |                2 |              4 |
|  microblaze_bd_i/mdm_1/U0/Use_E2.BSCAN_I/Dbg_Update_0_BUFG      | microblaze_bd_i/microblaze_0/U0/MicroBlaze_Core_I/Area.Core/Implement_Debug_Logic.Master_Core.Debug_Area/Control_Reg_En                                                                                        |                                                                                                                                                                                  |                2 |              4 |
|  microblaze_bd_i/mdm_1/U0/Use_E2.BSCAN_I/Dbg_Update_0_BUFG      | microblaze_bd_i/mdm_1/U0/MDM_Core_I1/MDM_SEL                                                                                                                                                                   | microblaze_bd_i/mdm_1/U0/Use_E2.BSCAN_I/AR[0]                                                                                                                                    |                1 |              4 |
|  microblaze_bd_i/clk_wiz_1/inst/clk_out1                        | microblaze_bd_i/axi_uartlite_1/U0/AXI_LITE_IPIF_I/I_SLAVE_ATTACHMENT/start2                                                                                                                                    | microblaze_bd_i/axi_uartlite_1/U0/AXI_LITE_IPIF_I/I_SLAVE_ATTACHMENT/I_DECODER/cs_ce_clr                                                                                         |                1 |              4 |
|  microblaze_bd_i/clk_wiz_1/inst/clk_out1                        | microblaze_bd_i/axi_uartlite_1/U0/UARTLITE_CORE_I/BAUD_RATE_I/p_11_out[0]                                                                                                                                      |                                                                                                                                                                                  |                1 |              4 |
|  microblaze_bd_i/clk_wiz_1/inst/clk_out1                        |                                                                                                                                                                                                                | microblaze_bd_i/rst_clk_wiz_1_100M/U0/EXT_LPF/lpf_int                                                                                                                            |                1 |              5 |
|  microblaze_bd_i/clk_wiz_1/inst/clk_out1                        | microblaze_bd_i/axi_gpio_0/U0/AXI_LITE_IPIF_I/I_SLAVE_ATTACHMENT/s_axi_rresp_i                                                                                                                                 | microblaze_bd_i/axi_gpio_0/U0/AXI_LITE_IPIF_I/I_SLAVE_ATTACHMENT/SR[0]                                                                                                           |                3 |              5 |
|  microblaze_bd_i/clk_wiz_1/inst/clk_out1                        |                                                                                                                                                                                                                | microblaze_bd_i/axi_uartlite_1/U0/UARTLITE_CORE_I/UARTLITE_RX_I/SRL_FIFO_I/I_SRL_FIFO_RBU_F/CNTR_INCR_DECR_ADDN_F_I/SS[0]                                                        |                3 |              6 |
|  microblaze_bd_i/clk_wiz_1/inst/clk_out1                        |                                                                                                                                                                                                                | microblaze_bd_i/axi_uartlite_0/U0/UARTLITE_CORE_I/UARTLITE_RX_I/SRL_FIFO_I/I_SRL_FIFO_RBU_F/CNTR_INCR_DECR_ADDN_F_I/SS[0]                                                        |                2 |              6 |
|  microblaze_bd_i/mdm_1/U0/No_Dbg_Reg_Access.BUFG_DRCK/Dbg_Clk_0 | microblaze_bd_i/mdm_1/U0/MDM_Core_I1/JTAG_CONTROL_I/Use_BSCAN.FDC_I/Use_BSCAN.command_reg[6]_0[0]                                                                                                              |                                                                                                                                                                                  |                1 |              6 |
|  microblaze_bd_i/clk_wiz_1/inst/clk_out1                        | microblaze_bd_i/rst_clk_wiz_1_100M/U0/SEQ/seq_cnt_en                                                                                                                                                           | microblaze_bd_i/rst_clk_wiz_1_100M/U0/SEQ/SEQ_COUNTER/clear                                                                                                                      |                1 |              6 |
|  microblaze_bd_i/clk_wiz_1/inst/clk_out1                        |                                                                                                                                                                                                                | microblaze_bd_i/axi_uartlite_1/U0/UARTLITE_CORE_I/UARTLITE_TX_I/SRL_FIFO_I/I_SRL_FIFO_RBU_F/CNTR_INCR_DECR_ADDN_F_I/SS[0]                                                        |                2 |              6 |
|  microblaze_bd_i/mdm_1/U0/No_Dbg_Reg_Access.BUFG_DRCK/Dbg_Clk_0 | microblaze_bd_i/mdm_1/U0/Use_E2.BSCAN_I/Using_FPGA.Native[0]                                                                                                                                                   |                                                                                                                                                                                  |                2 |              6 |
|  microblaze_bd_i/mdm_1/U0/No_Dbg_Reg_Access.BUFG_DRCK/Dbg_Clk_0 | microblaze_bd_i/mdm_1/U0/Use_E2.BSCAN_I/Use_BSCAN.command_reg[5][0]                                                                                                                                            |                                                                                                                                                                                  |                2 |              6 |
|  microblaze_bd_i/clk_wiz_1/inst/clk_out1                        |                                                                                                                                                                                                                | microblaze_bd_i/axi_uartlite_0/U0/UARTLITE_CORE_I/UARTLITE_TX_I/SRL_FIFO_I/I_SRL_FIFO_RBU_F/CNTR_INCR_DECR_ADDN_F_I/SS[0]                                                        |                3 |              6 |
|  microblaze_bd_i/clk_wiz_1/inst/clk_out1                        | microblaze_bd_i/axi_uartlite_0/U0/UARTLITE_CORE_I/BAUD_RATE_I/p_11_out[0]                                                                                                                                      | microblaze_bd_i/axi_uartlite_0/U0/UARTLITE_CORE_I/UARTLITE_RX_I/SERIAL_TO_PARALLEL[8].fifo_din[8]_i_1_n_0                                                                        |                2 |              7 |
|  microblaze_bd_i/clk_wiz_1/inst/clk_out1                        | microblaze_bd_i/axi_uartlite_1/U0/UARTLITE_CORE_I/BAUD_RATE_I/p_11_out[0]                                                                                                                                      | microblaze_bd_i/axi_uartlite_1/U0/UARTLITE_CORE_I/UARTLITE_RX_I/SERIAL_TO_PARALLEL[8].fifo_din[8]_i_1_n_0                                                                        |                2 |              7 |
| ~microblaze_bd_i/mdm_1/U0/Use_E2.BSCAN_I/Dbg_Update_0_BUFG      | microblaze_bd_i/mdm_1/U0/MDM_Core_I1/JTAG_CONTROL_I/Use_BSCAN.command[0]_i_1_n_0                                                                                                                               |                                                                                                                                                                                  |                2 |              8 |
|  microblaze_bd_i/clk_wiz_1/inst/clk_out1                        | microblaze_bd_i/axi_uartlite_1/U0/UARTLITE_CORE_I/UARTLITE_RX_I/SRL_FIFO_I/I_SRL_FIFO_RBU_F/DYNSHREG_F_I/fifo_wr                                                                                               |                                                                                                                                                                                  |                1 |              8 |
|  microblaze_bd_i/clk_wiz_1/inst/clk_out1                        | microblaze_bd_i/axi_uartlite_0/U0/AXI_LITE_IPIF_I/I_SLAVE_ATTACHMENT/I_DECODER/fifo_wr                                                                                                                         |                                                                                                                                                                                  |                1 |              8 |
|  microblaze_bd_i/mdm_1/U0/Use_E2.BSCAN_I/Dbg_Update_0_BUFG      | microblaze_bd_i/mdm_1/U0/MDM_Core_I1/JTAG_CONTROL_I/Use_BSCAN.FDC_I/Use_BSCAN.PORT_Selector_reg[2][0]                                                                                                          |                                                                                                                                                                                  |                2 |              8 |
|  microblaze_bd_i/clk_wiz_1/inst/clk_out1                        | microblaze_bd_i/mdm_1/U0/Use_AXI_IPIF.AXI_LITE_IPIF_I/I_SLAVE_ATTACHMENT/s_axi_rresp_i                                                                                                                         | microblaze_bd_i/mdm_1/U0/Use_AXI_IPIF.AXI_LITE_IPIF_I/I_SLAVE_ATTACHMENT/rst                                                                                                     |                4 |              8 |
|  microblaze_bd_i/mdm_1/U0/No_Dbg_Reg_Access.BUFG_DRCK/Dbg_Clk_0 | microblaze_bd_i/mdm_1/U0/MDM_Core_I1/JTAG_CONTROL_I/Use_BSCAN.SYNC_FDRE/E[0]                                                                                                                                   |                                                                                                                                                                                  |                1 |              8 |
|  microblaze_bd_i/mdm_1/U0/No_Dbg_Reg_Access.BUFG_DRCK/Dbg_Clk_0 | microblaze_bd_i/mdm_1/U0/Use_E2.BSCAN_I/Use_E2.BSCANE2_I_0[0]                                                                                                                                                  |                                                                                                                                                                                  |                2 |              8 |
|  microblaze_bd_i/mdm_1/U0/No_Dbg_Reg_Access.BUFG_DRCK/Dbg_Clk_0 | microblaze_bd_i/mdm_1/U0/MDM_Core_I1/JTAG_CONTROL_I/tdi_shifter0                                                                                                                                               |                                                                                                                                                                                  |                2 |              8 |
|  microblaze_bd_i/mdm_1/U0/No_Dbg_Reg_Access.BUFG_DRCK/Dbg_Clk_0 | microblaze_bd_i/microblaze_0/U0/MicroBlaze_Core_I/Area.Core/Implement_Debug_Logic.Master_Core.Debug_Area/Using_PC_Breakpoints.All_PC_Brks[0].Serial_Interface_1.address_hit_I/Compare[0].SRLC16E_I/which_pc__0 |                                                                                                                                                                                  |                7 |              8 |
|  microblaze_bd_i/clk_wiz_1/inst/clk_out1                        | microblaze_bd_i/axi_uartlite_1/U0/AXI_LITE_IPIF_I/I_SLAVE_ATTACHMENT/I_DECODER/fifo_wr                                                                                                                         |                                                                                                                                                                                  |                1 |              8 |
|  microblaze_bd_i/clk_wiz_1/inst/clk_out1                        | microblaze_bd_i/axi_uartlite_0/U0/UARTLITE_CORE_I/UARTLITE_RX_I/SRL_FIFO_I/I_SRL_FIFO_RBU_F/DYNSHREG_F_I/fifo_wr                                                                                               |                                                                                                                                                                                  |                1 |              8 |
|  microblaze_bd_i/clk_wiz_1/inst/clk_out1                        | microblaze_bd_i/mdm_1/U0/MDM_Core_I1/JTAG_CONTROL_I/Use_UART.TX_FIFO_I/Addr_Counters[2].FDRE_I/CI                                                                                                              |                                                                                                                                                                                  |                2 |              8 |
|  microblaze_bd_i/clk_wiz_1/inst/clk_out1                        | microblaze_bd_i/axi_gpio_0/U0/AXI_LITE_IPIF_I/I_SLAVE_ATTACHMENT/I_DECODER/E[0]                                                                                                                                | microblaze_bd_i/axi_gpio_0/U0/AXI_LITE_IPIF_I/I_SLAVE_ATTACHMENT/SR[0]                                                                                                           |                2 |              8 |
|  microblaze_bd_i/clk_wiz_1/inst/clk_out1                        | microblaze_bd_i/mdm_1/U0/MDM_Core_I1/JTAG_CONTROL_I/Use_UART.RX_FIFO_I/Addr_Counters[2].FDRE_I/CI                                                                                                              |                                                                                                                                                                                  |                2 |              8 |
|  microblaze_bd_i/clk_wiz_1/inst/clk_out1                        | microblaze_bd_i/microblaze_0/U0/MicroBlaze_Core_I/Area.Core/Decode_I/Using_FPGA.of_PipeRun_MuxCY_1/mul_Executing_reg                                                                                           | microblaze_bd_i/microblaze_0/U0/MicroBlaze_Core_I/Area.Core/Decode_I/Using_FPGA.MUXCY_JUMP_CARRY3/inHibit_EX_reg_0                                                               |                3 |              8 |
|  microblaze_bd_i/clk_wiz_1/inst/clk_out1                        |                                                                                                                                                                                                                | microblaze_bd_i/axi_gpio_0/U0/AXI_LITE_IPIF_I/I_SLAVE_ATTACHMENT/I_DECODER/bus2ip_rnw_i_reg_2                                                                                    |                1 |              8 |
|  microblaze_bd_i/clk_wiz_1/inst/clk_out1                        | microblaze_bd_i/axi_uartlite_1/U0/AXI_LITE_IPIF_I/I_SLAVE_ATTACHMENT/s_axi_rresp_i                                                                                                                             | microblaze_bd_i/axi_uartlite_1/U0/AXI_LITE_IPIF_I/I_SLAVE_ATTACHMENT/rst                                                                                                         |                3 |              8 |
|  microblaze_bd_i/clk_wiz_1/inst/clk_out1                        | microblaze_bd_i/axi_uartlite_0/U0/AXI_LITE_IPIF_I/I_SLAVE_ATTACHMENT/s_axi_rresp_i                                                                                                                             | microblaze_bd_i/axi_uartlite_0/U0/AXI_LITE_IPIF_I/I_SLAVE_ATTACHMENT/rst                                                                                                         |                2 |              8 |
|  microblaze_bd_i/clk_wiz_1/inst/clk_out1                        |                                                                                                                                                                                                                | microblaze_bd_i/axi_uartlite_0/U0/AXI_LITE_IPIF_I/I_SLAVE_ATTACHMENT/rst                                                                                                         |                3 |             10 |
|  microblaze_bd_i/clk_wiz_1/inst/clk_out1                        |                                                                                                                                                                                                                | microblaze_bd_i/mdm_1/U0/Use_AXI_IPIF.AXI_LITE_IPIF_I/I_SLAVE_ATTACHMENT/rst                                                                                                     |                3 |             10 |
|  microblaze_bd_i/clk_wiz_1/inst/clk_out1                        |                                                                                                                                                                                                                | microblaze_bd_i/axi_uartlite_1/U0/AXI_LITE_IPIF_I/I_SLAVE_ATTACHMENT/rst                                                                                                         |                4 |             10 |
|  microblaze_bd_i/mdm_1/U0/No_Dbg_Reg_Access.BUFG_DRCK/Dbg_Clk_0 | microblaze_bd_i/mdm_1/U0/MDM_Core_I1/JTAG_CONTROL_I/Use_BSCAN.FDC_I/E[0]                                                                                                                                       |                                                                                                                                                                                  |                4 |             10 |
|  microblaze_bd_i/clk_wiz_1/inst/clk_out1                        |                                                                                                                                                                                                                | microblaze_bd_i/microblaze_0_axi_periph/xbar/inst/gen_sasd.crossbar_sasd_0/addr_arbiter_inst/SR[0]                                                                               |                6 |             13 |
|  microblaze_bd_i/clk_wiz_1/inst/clk_out1                        | microblaze_bd_i/microblaze_0/U0/MicroBlaze_Core_I/Area.Core/Decode_I/PreFetch_Buffer_I/PreFetch_Buffers[4].SRL16E_I/E[0]                                                                                       | microblaze_bd_i/microblaze_0/U0/MicroBlaze_Core_I/sync_reset                                                                                                                     |                4 |             16 |
|  microblaze_bd_i/clk_wiz_1/inst/clk_out1                        |                                                                                                                                                                                                                | microblaze_bd_i/axi_gpio_0/U0/AXI_LITE_IPIF_I/I_SLAVE_ATTACHMENT/SR[0]                                                                                                           |                7 |             20 |
|  microblaze_bd_i/clk_wiz_1/inst/clk_out1                        | microblaze_bd_i/microblaze_0_axi_periph/xbar/inst/gen_sasd.crossbar_sasd_0/addr_arbiter_inst/p_0_in1_in                                                                                                        | microblaze_bd_i/microblaze_0_axi_periph/xbar/inst/gen_sasd.crossbar_sasd_0/addr_arbiter_inst/SR[0]                                                                               |                7 |             23 |
|  microblaze_bd_i/mdm_1/U0/No_Dbg_Reg_Access.BUFG_DRCK/Dbg_Clk_0 |                                                                                                                                                                                                                | microblaze_bd_i/mdm_1/U0/Use_E2.BSCAN_I/shift_n_reset                                                                                                                            |                5 |             23 |
|  microblaze_bd_i/clk_wiz_1/inst/clk_out1                        | microblaze_bd_i/axi_uartlite_1/U0/UARTLITE_CORE_I/BAUD_RATE_I/p_11_out[0]                                                                                                                                      | microblaze_bd_i/axi_uartlite_1/U0/UARTLITE_CORE_I/UARTLITE_RX_I/s_axi_aresetn_0                                                                                                  |                5 |             28 |
|  microblaze_bd_i/clk_wiz_1/inst/clk_out1                        | microblaze_bd_i/axi_uartlite_0/U0/UARTLITE_CORE_I/BAUD_RATE_I/p_11_out[0]                                                                                                                                      | microblaze_bd_i/axi_uartlite_0/U0/UARTLITE_CORE_I/UARTLITE_RX_I/s_axi_aresetn_0                                                                                                  |                7 |             28 |
|  microblaze_bd_i/clk_wiz_1/inst/clk_out1                        |                                                                                                                                                                                                                | microblaze_bd_i/axi_uartlite_0/U0/UARTLITE_CORE_I/UARTLITE_RX_I/s_axi_aresetn_0                                                                                                  |               11 |             30 |
|  microblaze_bd_i/clk_wiz_1/inst/clk_out1                        |                                                                                                                                                                                                                | microblaze_bd_i/axi_uartlite_1/U0/UARTLITE_CORE_I/UARTLITE_RX_I/s_axi_aresetn_0                                                                                                  |                9 |             30 |
|  microblaze_bd_i/clk_wiz_1/inst/clk_out1                        | microblaze_bd_i/microblaze_0/U0/MicroBlaze_Core_I/Area.Core/Using_Ext_Databus.DAXI_Interface_I1/M_AXI_DP_AWADDR0                                                                                               | microblaze_bd_i/microblaze_0/U0/MicroBlaze_Core_I/sync_reset                                                                                                                     |               15 |             31 |
|  microblaze_bd_i/clk_wiz_1/inst/clk_out1                        | microblaze_bd_i/microblaze_0_axi_periph/xbar/inst/gen_sasd.crossbar_sasd_0/reg_slice_r/s_axi_rvalid[0]                                                                                                         | microblaze_bd_i/microblaze_0/U0/MicroBlaze_Core_I/sync_reset                                                                                                                     |               11 |             32 |
|  microblaze_bd_i/mdm_1/U0/No_Dbg_Reg_Access.BUFG_DRCK/Dbg_Clk_0 | microblaze_bd_i/microblaze_0/U0/MicroBlaze_Core_I/Area.Core/Implement_Debug_Logic.Master_Core.Debug_Area/New_Dbg_Instr_TCK                                                                                     |                                                                                                                                                                                  |               10 |             32 |
|  microblaze_bd_i/clk_wiz_1/inst/clk_out1                        | microblaze_bd_i/microblaze_0/U0/MicroBlaze_Core_I/Area.Core/Decode_I/Using_FPGA.MUXCY_JUMP_CARRY3/PC_Write                                                                                                     | microblaze_bd_i/microblaze_0/U0/MicroBlaze_Core_I/sync_reset                                                                                                                     |               10 |             32 |
|  microblaze_bd_i/clk_wiz_1/inst/clk_out1                        | microblaze_bd_i/microblaze_0/U0/MicroBlaze_Core_I/Area.Core/Decode_I/Using_FPGA.of_PipeRun_MuxCY_1/Using_FPGA.Native_2                                                                                         |                                                                                                                                                                                  |                5 |             32 |
|  microblaze_bd_i/clk_wiz_1/inst/clk_out1                        | microblaze_bd_i/microblaze_0/U0/MicroBlaze_Core_I/Area.Core/Decode_I/Using_FPGA.of_PipeRun_MuxCY_1/mul_Executing_reg                                                                                           |                                                                                                                                                                                  |               19 |             32 |
|  microblaze_bd_i/clk_wiz_1/inst/clk_out1                        | microblaze_bd_i/microblaze_0/U0/MicroBlaze_Core_I/Area.Core/Implement_Debug_Logic.Master_Core.Debug_Area/Area_Debug_Control.Stop_Instr_Fetch_FDRSE/E[0]                                                        | microblaze_bd_i/microblaze_0/U0/MicroBlaze_Core_I/sync_reset                                                                                                                     |               10 |             32 |
|  microblaze_bd_i/clk_wiz_1/inst/clk_out1                        | microblaze_bd_i/microblaze_0_axi_periph/xbar/inst/gen_sasd.crossbar_sasd_0/addr_arbiter_inst/E[0]                                                                                                              |                                                                                                                                                                                  |                9 |             33 |
|  microblaze_bd_i/mdm_1/U0/No_Dbg_Reg_Access.BUFG_DRCK/Dbg_Clk_0 | microblaze_bd_i/mdm_1/U0/Use_E2.BSCAN_I/Use_BSCAN.PORT_Selector_reg[0]                                                                                                                                         |                                                                                                                                                                                  |               10 |             46 |
|  microblaze_bd_i/clk_wiz_1/inst/clk_out1                        | microblaze_bd_i/microblaze_0/U0/MicroBlaze_Core_I/Area.Core/Decode_I/Using_FPGA.clean_iReady_MuxCY/IReady                                                                                                      |                                                                                                                                                                                  |               18 |             64 |
|  microblaze_bd_i/clk_wiz_1/inst/clk_out1                        |                                                                                                                                                                                                                | microblaze_bd_i/microblaze_0/U0/MicroBlaze_Core_I/sync_reset                                                                                                                     |               23 |             79 |
|  microblaze_bd_i/mdm_1/U0/No_Dbg_Reg_Access.BUFG_DRCK/Dbg_Clk_0 |                                                                                                                                                                                                                |                                                                                                                                                                                  |               26 |             80 |
|  microblaze_bd_i/clk_wiz_1/inst/clk_out1                        | microblaze_bd_i/microblaze_0/U0/MicroBlaze_Core_I/Area.Core/Decode_I/Using_FPGA.of_PipeRun_MuxCY_1/mul_Executing_reg                                                                                           | microblaze_bd_i/microblaze_0/U0/MicroBlaze_Core_I/sync_reset                                                                                                                     |               29 |             93 |
|  microblaze_bd_i/clk_wiz_1/inst/clk_out1                        | microblaze_bd_i/microblaze_0/U0/MicroBlaze_Core_I/Area.Core/Implement_Debug_Logic.Master_Core.Debug_Area/Area_Debug_Control.Dbg_Inhibit_EX_FDRSE/Reg_Write                                                     |                                                                                                                                                                                  |               32 |            128 |
|  microblaze_bd_i/clk_wiz_1/inst/clk_out1                        |                                                                                                                                                                                                                |                                                                                                                                                                                  |               75 |            206 |
+-----------------------------------------------------------------+----------------------------------------------------------------------------------------------------------------------------------------------------------------------------------------------------------------+----------------------------------------------------------------------------------------------------------------------------------------------------------------------------------+------------------+----------------+


